 TransportDll

 Timestamp is 5cd5a284 (Fri May 10 19:10:44 2019)

 Preferred load address is 10000000

 Start         Length     Name                   Class
 0001:00000000 00010000H .textbss                DATA
 0002:00000000 000063e0H .text$mn                CODE
 0002:000063e0 0000115aH .text$x                 CODE
 0003:00000000 00000104H .CRT$XCA                DATA
 0003:00000104 00000104H .CRT$XCZ                DATA
 0003:00000208 00000104H .CRT$XIA                DATA
 0003:0000030c 00000104H .CRT$XIZ                DATA
 0003:00000410 00000104H .CRT$XPA                DATA
 0003:00000514 00000104H .CRT$XPZ                DATA
 0003:00000618 00000104H .CRT$XTA                DATA
 0003:0000071c 00000104H .CRT$XTZ                DATA
 0003:00000820 00000d9cH .rdata                  DATA
 0003:000015bc 000001b0H .rdata$r                DATA
 0003:0000176c 00000188H .rdata$zzzdbg           DATA
 0003:000018f4 00000104H .rtc$IAA                DATA
 0003:000019f8 0000010cH .rtc$IMZ                DATA
 0003:00001b04 00000104H .rtc$IZZ                DATA
 0003:00001c08 00000104H .rtc$TAA                DATA
 0003:00001d0c 0000010cH .rtc$TMZ                DATA
 0003:00001e18 00000108H .rtc$TZZ                DATA
 0003:00001f20 000003a0H .xdata$x                DATA
 0003:000022c0 00000181H .edata                  DATA
 0004:00000000 00000134H .data                   DATA
 0004:00000134 00000144H .data$r                 DATA
 0004:00000278 00000478H .bss                    DATA
 0005:00000000 000001fcH .idata$5                DATA
 0005:000001fc 00000050H .idata$2                DATA
 0005:0000024c 00000014H .idata$3                DATA
 0005:00000260 000001fcH .idata$4                DATA
 0005:0000045c 00000665H .idata$6                DATA
 0006:00000000 0000013dH .msvcjmc                DATA
 0007:00000000 00000104H .00cfg                  DATA
 0008:00000000 00000170H .rsrc$01                DATA
 0008:00000170 000002ccH .rsrc$02                DATA

  Address         Publics by Value              Rva+Base       Lib:Object

 0000:00000000       ___hybrid_code_map_count   00000000     <absolute>
 0000:00000000       ___guard_fids_count        00000000     <absolute>
 0000:00000000       ___hybrid_code_map         00000000     <absolute>
 0000:00000000       ___guard_iat_count         00000000     <absolute>
 0000:00000000       ___guard_iat_table         00000000     <absolute>
 0000:00000000       ___enclave_config          00000000     <absolute>
 0000:00000000       ___safe_se_handler_count   00000000     <absolute>
 0000:00000000       ___hybrid_auxiliary_iat    00000000     <absolute>
 0000:00000000       ___AbsoluteZero            00000000     <absolute>
 0000:00000000       ___guard_longjmp_count     00000000     <absolute>
 0000:00000000       ___dynamic_value_reloc_table 00000000     <absolute>
 0000:00000000       ___volatile_metadata       00000000     <absolute>
 0000:00000000       ___guard_fids_table        00000000     <absolute>
 0000:00000000       ___guard_longjmp_table     00000000     <absolute>
 0000:00000000       ___safe_se_handler_table   00000000     <absolute>
 0000:00000100       ___guard_flags             00000100     <absolute>
 0000:00000000       ___ImageBase               10000000     <linker-defined>
 0001:00000000       __enc$textbss$begin        10001000     <linker-defined>
 0001:00010000       __enc$textbss$end          10011000     <linker-defined>
 0002:00000760       _DllMain@12                10011760 f   dllmain.obj
 0002:000007c0       __JustMyCode_Default       100117c0 f i dllmain.obj
 0002:000007d0       ??0TransportDll@@QAE@XZ    100117d0 f   TransportDll.obj
 0002:000008a0       ??0exception@std@@QAE@ABV01@@Z 100118a0 f i TransportDll.obj
 0002:00000970       ??0exception@std@@QAE@QBD@Z 10011970 f i TransportDll.obj
 0002:00000a90       ??0exception@std@@QAE@QBDH@Z 10011a90 f i TransportDll.obj
 0002:00000b50       ??1exception@std@@UAE@XZ   10011b50 f i TransportDll.obj
 0002:00000c00       ??_Eexception@std@@UAEPAXI@Z 10011c00 f i TransportDll.obj
 0002:00000c00       ??_Gexception@std@@UAEPAXI@Z 10011c00 f i TransportDll.obj
 0002:00000c70       ?CleanUp@TransportDll@@QAEXXZ 10011c70 f   TransportDll.obj
 0002:00000d00       ?GetCopyRight@TransportDll@@QAEPBDPAU_GUID@@@Z 10011d00 f   TransportDll.obj
 0002:00001120       ?Initialize@TransportDll@@QAEXPAD@Z 10012120 f   TransportDll.obj
 0002:000014d0       ?__autoclassinit2@TransportDll@@QAEXI@Z 100124d0 f i TransportDll.obj
 0002:00001530       ?what@exception@std@@UBEPBDXZ 10012530 f i TransportDll.obj
 0002:000015c0       _GetCopyright              100125c0 f   TransportDll.obj
 0002:000016d0       _SetServerEndpoint         100126d0 f   TransportDll.obj
 0002:00001760       ___local_stdio_printf_options 10012760 f i TransportDll.obj
 0002:000017c0       __vfprintf_l               100127c0 f i TransportDll.obj
 0002:00001850       _printf                    10012850 f i TransportDll.obj
 0002:000018e3       _closesocket@4             100128e3 f   ws2_32:WS2_32.dll
 0002:000018e9       _connect@12                100128e9 f   ws2_32:WS2_32.dll
 0002:000018ef       _recv@16                   100128ef f   ws2_32:WS2_32.dll
 0002:000018f5       _send@16                   100128f5 f   ws2_32:WS2_32.dll
 0002:000018fb       _shutdown@8                100128fb f   ws2_32:WS2_32.dll
 0002:00001901       _socket@12                 10012901 f   ws2_32:WS2_32.dll
 0002:00001907       _WSAStartup@8              10012907 f   ws2_32:WS2_32.dll
 0002:0000190d       _WSACleanup@0              1001290d f   ws2_32:WS2_32.dll
 0002:00001913       _WSAGetLastError@0         10012913 f   ws2_32:WS2_32.dll
 0002:00001919       _getaddrinfo@16            10012919 f   ws2_32:WS2_32.dll
 0002:0000191f       _freeaddrinfo@4            1001291f f   ws2_32:WS2_32.dll
 0002:00001930       @__CheckForDebuggerJustMyCode@4 10012930 f   MSVCRTD:debugger_jmc.obj
 0002:00001980       @_RTC_AllocaHelper@12      10012980 f   MSVCRTD:stack.obj
 0002:000019c0       @_RTC_CheckStackVars2@12   100129c0 f   MSVCRTD:stack.obj
 0002:00001ae0       @_RTC_CheckStackVars@8     10012ae0 f   MSVCRTD:stack.obj
 0002:00001b60       __RTC_CheckEsp             10012b60 f   MSVCRTD:stack.obj
 0002:00001ba0       __CRT_RTC_INIT             10012ba0 f   MSVCRTD:init.obj
 0002:00001bb0       __CRT_RTC_INITW            10012bb0 f   MSVCRTD:init.obj
 0002:00001bc0       __RTC_InitBase             10012bc0 f   MSVCRTD:init.obj
 0002:00001c00       __RTC_Shutdown             10012c00 f   MSVCRTD:init.obj
 0002:00001c20       ??3@YAXPAXI@Z              10012c20 f   MSVCRTD:delete_scalar_size.obj
 0002:00001c40       @__security_check_cookie@4 10012c40 f   MSVCRTD:secchk.obj
 0002:00001c60       ??1type_info@@UAE@XZ       10012c60 f   MSVCRTD:std_type_info_static.obj
 0002:00001c80       ??_Gtype_info@@UAEPAXI@Z   10012c80 f i MSVCRTD:std_type_info_static.obj
 0002:00001c80       ??_Etype_info@@UAEPAXI@Z   10012c80 f i MSVCRTD:std_type_info_static.obj
 0002:00002290       __CRT_INIT@12              10013290 f   MSVCRTD:dll_dllmain.obj
 0002:000022b0       __DllMainCRTStartup@12     100132b0 f   MSVCRTD:dll_dllmain.obj
 0002:00002390       ?_RTC_AllocaFailure@@YAXPAXPAU_RTC_ALLOCA_NODE@@H@Z 10013390 f   MSVCRTD:error.obj
 0002:000024b0       ?_RTC_Failure@@YAXPAXH@Z   100134b0 f   MSVCRTD:error.obj
 0002:00002520       ?_RTC_StackFailure@@YAXPAXPBD@Z 10013520 f   MSVCRTD:error.obj
 0002:000029d0       __RTC_UninitUse            100139d0 f   MSVCRTD:error.obj
 0002:00002ab0       __vsprintf_s_l             10013ab0 f i MSVCRTD:error.obj
 0002:00002af0       _sprintf_s                 10013af0 f i MSVCRTD:error.obj
 0002:00002b20       ?_RTC_GetErrorFunc@@YAP6AHHPBDH00ZZPBX@Z 10013b20 f   MSVCRTD:userapi.obj
 0002:00002b30       ?_RTC_GetErrorFuncW@@YAP6AHHPB_WH00ZZPBX@Z 10013b30 f   MSVCRTD:userapi.obj
 0002:00002b40       __RTC_GetErrDesc           10013b40 f   MSVCRTD:userapi.obj
 0002:00002b60       __RTC_NumErrors            10013b60 f   MSVCRTD:userapi.obj
 0002:00002b70       __RTC_SetErrorFunc         10013b70 f   MSVCRTD:userapi.obj
 0002:00002ba0       __RTC_SetErrorFuncW        10013ba0 f   MSVCRTD:userapi.obj
 0002:00002bd0       __RTC_SetErrorType         10013bd0 f   MSVCRTD:userapi.obj
 0002:00002c00       ??3@YAXPAX@Z               10013c00 f   MSVCRTD:delete_scalar.obj
 0002:00002c20       ___raise_securityfailure   10013c20 f   MSVCRTD:gs_report.obj
 0002:00002c60       ___report_gsfailure        10013c60 f   MSVCRTD:gs_report.obj
 0002:00002db0       ___report_rangecheckfailure 10013db0 f   MSVCRTD:gs_report.obj
 0002:00002dc0       ___report_securityfailure  10013dc0 f   MSVCRTD:gs_report.obj
 0002:00002ed0       ___report_securityfailureEx 10013ed0 f   MSVCRTD:gs_report.obj
 0002:000030d0       ___security_init_cookie    100140d0 f   MSVCRTD:gs_support.obj
 0002:00003170       ?__scrt_initialize_type_info@@YAXXZ 10014170 f   MSVCRTD:tncleanup.obj
 0002:00003190       ?__scrt_uninitialize_type_info@@YAXXZ 10014190 f   MSVCRTD:tncleanup.obj
 0002:000031b0       ___local_stdio_scanf_options 100141b0 f i MSVCRTD:default_local_stdio_options.obj
 0002:000031c0       ___scrt_initialize_default_local_stdio_options 100141c0 f   MSVCRTD:default_local_stdio_options.obj
 0002:00003210       ?configure_argv@__scrt_narrow_argv_policy@@SAHXZ 10014210 f i MSVCRTD:utility.obj
 0002:000032e0       ?initialize_environment@__scrt_narrow_environment_policy@@SAHXZ 100142e0 f i MSVCRTD:utility.obj
 0002:00003380       _NtCurrentTeb              10014380 f i MSVCRTD:utility.obj
 0002:00003390       ___scrt_acquire_startup_lock 10014390 f   MSVCRTD:utility.obj
 0002:000033f0       ___scrt_dllmain_after_initialize_c 100143f0 f   MSVCRTD:utility.obj
 0002:00003430       ___scrt_dllmain_before_initialize_c 10014430 f   MSVCRTD:utility.obj
 0002:00003460       ___scrt_dllmain_crt_thread_attach 10014460 f   MSVCRTD:utility.obj
 0002:000034a0       ___scrt_dllmain_crt_thread_detach 100144a0 f   MSVCRTD:utility.obj
 0002:000034c0       ___scrt_dllmain_exception_filter 100144c0 f   MSVCRTD:utility.obj
 0002:00003520       ___scrt_dllmain_uninitialize_c 10014520 f   MSVCRTD:utility.obj
 0002:00003560       ___scrt_dllmain_uninitialize_critical 10014560 f   MSVCRTD:utility.obj
 0002:00003580       ___scrt_initialize_crt     10014580 f   MSVCRTD:utility.obj
 0002:000035e0       ___scrt_initialize_onexit_tables 100145e0 f   MSVCRTD:utility.obj
 0002:000036f0       ___scrt_is_nonwritable_in_current_image 100146f0 f   MSVCRTD:utility.obj
 0002:00003870       ___scrt_release_startup_lock 10014870 f   MSVCRTD:utility.obj
 0002:000038a0       ___scrt_uninitialize_crt   100148a0 f   MSVCRTD:utility.obj
 0002:000038f0       __onexit                   100148f0 f   MSVCRTD:utility.obj
 0002:00003970       _at_quick_exit             10014970 f   MSVCRTD:utility.obj
 0002:000039c0       _atexit                    100149c0 f   MSVCRTD:utility.obj
 0002:00003a00       ___scrt_get_dyn_tls_init_callback 10014a00 f   MSVCRTD:dyn_tls_init.obj
 0002:00003a10       ___scrt_fastfail           10014a10 f   MSVCRTD:utility_desktop.obj
 0002:00003ba0       ___scrt_get_show_window_mode 10014ba0 f   MSVCRTD:utility_desktop.obj
 0002:00003bf0       ___scrt_initialize_mta     10014bf0 f   MSVCRTD:utility_desktop.obj
 0002:00003c00       ___scrt_initialize_winrt   10014c00 f   MSVCRTD:utility_desktop.obj
 0002:00003c10       ___scrt_is_managed_app     10014c10 f   MSVCRTD:utility_desktop.obj
 0002:00003cc0       ___scrt_set_unhandled_exception_filter 10014cc0 f   MSVCRTD:utility_desktop.obj
 0002:00003ce0       ___scrt_exe_initialize_mta 10014ce0 f   MSVCRTD:utility_desktop.obj
 0002:00003ce0       ___scrt_stub_for_initialize_mta 10014ce0 f   MSVCRTD:utility_desktop.obj
 0002:00003cf0       ___scrt_unhandled_exception_filter@4 10014cf0 f   MSVCRTD:utility_desktop.obj
 0002:00003d70       __crt_debugger_hook        10014d70 f   MSVCRTD:utility_desktop.obj
 0002:00003d90       __RTC_Initialize           10014d90 f   MSVCRTD:initsect.obj
 0002:00003dd0       __RTC_Terminate            10014dd0 f   MSVCRTD:initsect.obj
 0002:00003e10       __except_handler4          10014e10 f   MSVCRTD:chandler4gs.obj
 0002:00003e60       @_guard_check_icall_nop@4  10014e60 f i MSVCRTD:guard_support.obj
 0002:00003e70       _ReadNoFence               10014e70 f i MSVCRTD:guard_support.obj
 0002:00003e90       _ReadPointerNoFence        10014e90 f i MSVCRTD:guard_support.obj
 0002:00003eb0       __guard_icall_checks_enforced 10014eb0 f i MSVCRTD:guard_support.obj
 0002:00004480       ?_RTC_GetSrcLine@@YAHPAEPA_WKPAH1K@Z 10015480 f   MSVCRTD:pdblkup.obj
 0002:000048f0       __except_handler4_noexcept 100158f0 f   MSVCRTD:chandler4_noexcept.obj
 0002:00004950       ___isa_available_init      10015950 f   MSVCRTD:cpu_disp.obj
 0002:00004ce0       __get_startup_argv_mode    10015ce0 f   MSVCRTD:argv_mode.obj
 0002:00004cf0       ___scrt_is_ucrt_dll_in_use 10015cf0 f   MSVCRTD:ucrt_detection.obj
 0002:00004d1d       _memcpy                    10015d1d f   vcruntimed:VCRUNTIME140D.dll
 0002:00004d23       _memset                    10015d23 f   vcruntimed:VCRUNTIME140D.dll
 0002:00004d29       ___std_exception_copy      10015d29 f   vcruntimed:VCRUNTIME140D.dll
 0002:00004d2f       ___std_exception_destroy   10015d2f f   vcruntimed:VCRUNTIME140D.dll
 0002:00004d35       __CxxThrowException@8      10015d35 f   vcruntimed:VCRUNTIME140D.dll
 0002:00004d3b       ___CxxFrameHandler3        10015d3b f   vcruntimed:VCRUNTIME140D.dll
 0002:00004d41       ___std_type_info_destroy_list 10015d41 f   vcruntimed:VCRUNTIME140D.dll
 0002:00004d47       __except_handler4_common   10015d47 f   vcruntimed:VCRUNTIME140D.dll
 0002:00004d4d       ___vcrt_GetModuleFileNameW 10015d4d f   vcruntimed:VCRUNTIME140D.dll
 0002:00004d53       ___vcrt_GetModuleHandleW   10015d53 f   vcruntimed:VCRUNTIME140D.dll
 0002:00004d59       ___vcrt_LoadLibraryExW     10015d59 f   vcruntimed:VCRUNTIME140D.dll
 0002:00004d5f       _strlen                    10015d5f f   ucrtd:ucrtbased.dll
 0002:00004d65       ___acrt_iob_func           10015d65 f   ucrtd:ucrtbased.dll
 0002:00004d6b       ___stdio_common_vfprintf   10015d6b f   ucrtd:ucrtbased.dll
 0002:00004d71       _malloc                    10015d71 f   ucrtd:ucrtbased.dll
 0002:00004d77       __CrtDbgReport             10015d77 f   ucrtd:ucrtbased.dll
 0002:00004d7d       __CrtDbgReportW            10015d7d f   ucrtd:ucrtbased.dll
 0002:00004d83       __initterm                 10015d83 f   ucrtd:ucrtbased.dll
 0002:00004d89       __initterm_e               10015d89 f   ucrtd:ucrtbased.dll
 0002:00004d8f       _strcpy_s                  10015d8f f   ucrtd:ucrtbased.dll
 0002:00004d95       _strcat_s                  10015d95 f   ucrtd:ucrtbased.dll
 0002:00004d9b       ___stdio_common_vsprintf_s 10015d9b f   ucrtd:ucrtbased.dll
 0002:00004da1       __free_dbg                 10015da1 f   ucrtd:ucrtbased.dll
 0002:00004da7       __seh_filter_dll           10015da7 f   ucrtd:ucrtbased.dll
 0002:00004dad       __configure_narrow_argv    10015dad f   ucrtd:ucrtbased.dll
 0002:00004db3       __initialize_narrow_environment 10015db3 f   ucrtd:ucrtbased.dll
 0002:00004db9       __initialize_onexit_table  10015db9 f   ucrtd:ucrtbased.dll
 0002:00004dbf       __register_onexit_function 10015dbf f   ucrtd:ucrtbased.dll
 0002:00004dc5       __execute_onexit_table     10015dc5 f   ucrtd:ucrtbased.dll
 0002:00004dcb       __crt_atexit               10015dcb f   ucrtd:ucrtbased.dll
 0002:00004dd1       __crt_at_quick_exit        10015dd1 f   ucrtd:ucrtbased.dll
 0002:00004dd7       __cexit                    10015dd7 f   ucrtd:ucrtbased.dll
 0002:00004ddd       _terminate                 10015ddd f   ucrtd:ucrtbased.dll
 0002:00004de3       __wmakepath_s              10015de3 f   ucrtd:ucrtbased.dll
 0002:00004de9       __wsplitpath_s             10015de9 f   ucrtd:ucrtbased.dll
 0002:00004def       _wcscpy_s                  10015def f   ucrtd:ucrtbased.dll
 0002:00004df5       _GetCurrentThreadId@0      10015df5 f   kernel32:KERNEL32.dll
 0002:00004dfb       _IsDebuggerPresent@0       10015dfb f   kernel32:KERNEL32.dll
 0002:00004e01       _RaiseException@16         10015e01 f   kernel32:KERNEL32.dll
 0002:00004e07       _MultiByteToWideChar@24    10015e07 f   kernel32:KERNEL32.dll
 0002:00004e0d       _WideCharToMultiByte@32    10015e0d f   kernel32:KERNEL32.dll
 0002:00004e13       _UnhandledExceptionFilter@4 10015e13 f   kernel32:KERNEL32.dll
 0002:00004e19       _SetUnhandledExceptionFilter@4 10015e19 f   kernel32:KERNEL32.dll
 0002:00004e1f       _GetCurrentProcess@0       10015e1f f   kernel32:KERNEL32.dll
 0002:00004e25       _TerminateProcess@8        10015e25 f   kernel32:KERNEL32.dll
 0002:00004e2b       _IsProcessorFeaturePresent@4 10015e2b f   kernel32:KERNEL32.dll
 0002:00004e31       _QueryPerformanceCounter@4 10015e31 f   kernel32:KERNEL32.dll
 0002:00004e37       _GetCurrentProcessId@0     10015e37 f   kernel32:KERNEL32.dll
 0002:00004e3d       _GetSystemTimeAsFileTime@4 10015e3d f   kernel32:KERNEL32.dll
 0002:00004e43       _InitializeSListHead@4     10015e43 f   kernel32:KERNEL32.dll
 0002:00004e49       _GetStartupInfoW@4         10015e49 f   kernel32:KERNEL32.dll
 0002:00004e4f       _GetModuleHandleW@4        10015e4f f   kernel32:KERNEL32.dll
 0002:00004e55       _GetLastError@0            10015e55 f   kernel32:KERNEL32.dll
 0002:00004e5b       _HeapAlloc@12              10015e5b f   kernel32:KERNEL32.dll
 0002:00004e61       _HeapFree@12               10015e61 f   kernel32:KERNEL32.dll
 0002:00004e67       _GetProcessHeap@0          10015e67 f   kernel32:KERNEL32.dll
 0002:00004e6d       _VirtualQuery@12           10015e6d f   kernel32:KERNEL32.dll
 0002:00004e73       _FreeLibrary@4             10015e73 f   kernel32:KERNEL32.dll
 0002:00004e79       _GetProcAddress@8          10015e79 f   kernel32:KERNEL32.dll
 0002:00004e80       ___acrt_initialize         10015e80 f   MSVCRTD:ucrt_stubs.obj
 0002:00004e80       ___vcrt_initialize         10015e80 f   MSVCRTD:ucrt_stubs.obj
 0002:00004e80       ___scrt_stub_for_acrt_initialize 10015e80 f   MSVCRTD:ucrt_stubs.obj
 0002:00004e90       ___acrt_thread_attach      10015e90 f   MSVCRTD:ucrt_stubs.obj
 0002:00004e90       ___vcrt_thread_attach      10015e90 f   MSVCRTD:ucrt_stubs.obj
 0002:00004e90       ___scrt_stub_for_acrt_thread_attach 10015e90 f   MSVCRTD:ucrt_stubs.obj
 0002:00004ea0       ___scrt_stub_for_acrt_thread_detach 10015ea0 f   MSVCRTD:ucrt_stubs.obj
 0002:00004ea0       ___acrt_thread_detach      10015ea0 f   MSVCRTD:ucrt_stubs.obj
 0002:00004ea0       ___vcrt_thread_detach      10015ea0 f   MSVCRTD:ucrt_stubs.obj
 0002:00004eb0       ___vcrt_uninitialize       10015eb0 f   MSVCRTD:ucrt_stubs.obj
 0002:00004eb0       ___scrt_stub_for_acrt_uninitialize 10015eb0 f   MSVCRTD:ucrt_stubs.obj
 0002:00004eb0       ___acrt_uninitialize       10015eb0 f   MSVCRTD:ucrt_stubs.obj
 0002:00004ec0       ___acrt_uninitialize_critical 10015ec0 f   MSVCRTD:ucrt_stubs.obj
 0002:00004ec0       ___scrt_stub_for_acrt_uninitialize_critical 10015ec0 f   MSVCRTD:ucrt_stubs.obj
 0002:00004ec0       ___vcrt_uninitialize_critical 10015ec0 f   MSVCRTD:ucrt_stubs.obj
 0002:00004ed0       ___scrt_stub_for_is_c_termination_complete 10015ed0 f   MSVCRTD:ucrt_stubs.obj
 0002:00004ed0       __is_c_termination_complete 10015ed0 f   MSVCRTD:ucrt_stubs.obj
 0002:00004ee0       __filter_x86_sse2_floating_point_exception 10015ee0 f   MSVCRTD:x86_exception_filter.obj
 0002:00004ee0       __filter_x86_sse2_floating_point_exception_default 10015ee0 f   MSVCRTD:x86_exception_filter.obj
 0003:00000000       ___xc_a                    10019000     MSVCRTD:initializers.obj
 0003:00000104       ___xc_z                    10019104     MSVCRTD:initializers.obj
 0003:00000208       ___xi_a                    10019208     MSVCRTD:initializers.obj
 0003:0000030c       ___xi_z                    1001930c     MSVCRTD:initializers.obj
 0003:00000410       ___xp_a                    10019410     MSVCRTD:initializers.obj
 0003:00000514       ___xp_z                    10019514     MSVCRTD:initializers.obj
 0003:00000618       ___xt_a                    10019618     MSVCRTD:initializers.obj
 0003:0000071c       ___xt_z                    1001971c     MSVCRTD:initializers.obj
 0003:00000824       ??_7exception@std@@6B@     10019824     TransportDll.obj
 0003:00000830       ??_C@_0BC@EOODALEL@Unknown?5exception@ 10019830     TransportDll.obj
 0003:00000848       ??_C@_0CC@BCKCCGII@WSAStartup?5failed?5with?5error?3?5?$CF@ 10019848     TransportDll.obj
 0003:00000870       ??_C@_05GDDNCJNM@27015@    10019870     TransportDll.obj
 0003:00000878       ??_C@_0CD@PCLIBDOM@getaddrinfo?5failed?5with?5error?3?5@ 10019878     TransportDll.obj
 0003:000008a4       ??_C@_0BO@LFGMIEOM@socket?5failed?5with?5error?3?5?$CFd?6@ 100198a4     TransportDll.obj
 0003:000008c8       ??_C@_0BO@PHECJPPI@Unable?5to?5connect?5to?5server?$CB?6@ 100198c8     TransportDll.obj
 0003:000008ec       ??_C@_0BM@JOEKAJND@send?5failed?5with?5error?3?5?$CFd?6@ 100198ec     TransportDll.obj
 0003:00000910       ??_C@_0BA@CAIPEDJE@Bytes?5Sent?3?5?$CFd?6@ 10019910     TransportDll.obj
 0003:00000924       ??_C@_0CA@HCCMPOIB@shutdown?5failed?5with?5error?3?5?$CFd?6@ 10019924     TransportDll.obj
 0003:0000094c       ??_C@_0BE@PLKHFJOE@Bytes?5received?3?5?$CFd?6@ 1001994c     TransportDll.obj
 0003:00000964       ??_C@_0BD@NNDEALAM@Connection?5closed?6@ 10019964     TransportDll.obj
 0003:0000097c       ??_C@_0BM@MPCOOIAI@recv?5failed?5with?5error?3?5?$CFd?6@ 1001997c     TransportDll.obj
 0003:000009a0       ??_C@_0N@JCPOJMFH@receive?5?$CFs?5?6@ 100199a0     TransportDll.obj
 0003:000009b4       ??_7type_info@@6B@         100199b4     MSVCRTD:std_type_info_static.obj
 0003:000009bc       __pDefaultRawDllMain       100199bc     MSVCRTD:dll_dllmain.obj
 0003:000009bc       __pRawDllMain              100199bc     MSVCRTD:dll_dllmain.obj
 0003:00000a80       ??_C@_0NN@NGPKDKPD@The?5value?5of?5ESP?5was?5not?5proper@ 10019a80     MSVCRTD:error.obj
 0003:00000b90       ??_C@_0BBN@GPMLNJCF@A?5cast?5to?5a?5smaller?5data?5type?5h@ 10019b90     MSVCRTD:error.obj
 0003:00000ce8       ??_C@_0BN@FFOINMNJ@Stack?5memory?5was?5corrupted?6?$AN@ 10019ce8     MSVCRTD:error.obj
 0003:00000d0c       ??_C@_0DG@HKJMLLLP@A?5local?5variable?5was?5used?5befor@ 10019d0c     MSVCRTD:error.obj
 0003:00000d4c       ??_C@_0CM@NGINOKPC@Stack?5memory?5around?5_alloca?5was@ 10019d4c     MSVCRTD:error.obj
 0003:00000d80       ??_C@_0BO@GNIAFIKK@Unknown?5Runtime?5Check?5Error?6?$AN@ 10019d80     MSVCRTD:error.obj
 0003:00000da8       ??_C@_1GM@OLMCBDMB@?$AAR?$AAu?$AAn?$AAt?$AAi?$AAm?$AAe?$AA?5?$AAC?$AAh?$AAe?$AAc?$AAk?$AA?5?$AAE@ 10019da8     MSVCRTD:error.obj
 0003:00000e30       ??_C@_1EA@NFKNIFJP@?$AAR?$AAu?$AAn?$AA?9?$AAT?$AAi?$AAm?$AAe?$AA?5?$AAC?$AAh?$AAe?$AAc?$AAk?$AA?5@ 10019e30     MSVCRTD:error.obj
 0003:00000e7c       ??_C@_0BB@PFFGGCJP@Unknown?5Filename@ 10019e7c     MSVCRTD:error.obj
 0003:00000e90       ??_C@_0BE@GNBOBNCK@Unknown?5Module?5Name@ 10019e90     MSVCRTD:error.obj
 0003:00000ea8       ??_C@_0CA@IODNCDPG@Run?9Time?5Check?5Failure?5?$CD?$CFd?5?9?5?$CFs@ 10019ea8     MSVCRTD:error.obj
 0003:00000ed0       ??_C@_0CG@IAFNJNEE@Stack?5corrupted?5near?5unknown?5va@ 10019ed0     MSVCRTD:error.obj
 0003:00000f00       ??_C@_05MKKEDADM@?$CF?42X?5@ 10019f00     MSVCRTD:error.obj
 0003:00000f08       ??_C@_0EJ@LJKNEOLN@Stack?5area?5around?5_alloca?5memor@ 10019f08     MSVCRTD:error.obj
 0003:00000f60       ??_C@_01EEMJAFIK@?6@       10019f60     MSVCRTD:error.obj
 0003:00000f64       ??_C@_02LLMPMKNF@?$DO?5@   10019f64     MSVCRTD:error.obj
 0003:00000f68       ??_C@_08OMAHNMHJ@?6Data?3?5?$DM@ 10019f68     MSVCRTD:error.obj
 0003:00000f74       ??_C@_0CK@DKGBICFE@?6Allocation?5number?5within?5this?5@ 10019f74     MSVCRTD:error.obj
 0003:00000fa8       ??_C@_07DFDJCKFN@?6Size?3?5@ 10019fa8     MSVCRTD:error.obj
 0003:00000fb4       ??_C@_0N@MHFFIMFG@?6Address?3?50x@ 10019fb4     MSVCRTD:error.obj
 0003:00000fc8       ??_C@_0EI@CLEPFNGI@Stack?5area?5around?5_alloca?5memor@ 10019fc8     MSVCRTD:error.obj
 0003:00001020       ??_C@_0BK@ODNDAGKB@?$CFs?$CFs?$CFp?$CFs?$CFzd?$CFs?$CFd?$CFs?$CFs?$CFs?$CFs?$CFs@ 1001a020     MSVCRTD:error.obj
 0003:00001040       ??_C@_0DE@OHJBPMBP@A?5variable?5is?5being?5used?5withou@ 1001a040     MSVCRTD:error.obj
 0003:00001098       ??_C@_0BJ@HEGAHDFO@Stack?5pointer?5corruption@ 1001a098     MSVCRTD:userapi.obj
 0003:000010b8       ??_C@_0CK@FEGOIOPB@Cast?5to?5smaller?5type?5causing?5lo@ 1001a0b8     MSVCRTD:userapi.obj
 0003:000010ec       ??_C@_0BI@CIGMDCBH@Stack?5memory?5corruption@ 1001a0ec     MSVCRTD:userapi.obj
 0003:00001108       ??_C@_0CK@CNLNOEPB@Local?5variable?5used?5before?5init@ 1001a108     MSVCRTD:userapi.obj
 0003:0000113c       ??_C@_0BP@OGBCLIBO@Stack?5around?5_alloca?5corrupted@ 1001a13c     MSVCRTD:userapi.obj
 0003:000011c8       ??_C@_1EI@MLPKHBGE@?$AAa?$AAp?$AAi?$AA?9?$AAm?$AAs?$AA?9?$AAw?$AAi?$AAn?$AA?9?$AAc?$AAo?$AAr?$AAe@ 1001a1c8     MSVCRTD:pdblkup.obj
 0003:00001220       ??_C@_1BK@JHLNAEJL@?$AAa?$AAd?$AAv?$AAa?$AAp?$AAi?$AA3?$AA2?$AA?4?$AAd?$AAl?$AAl@ 1001a220     MSVCRTD:pdblkup.obj
 0003:00001240       ??_C@_0O@COHOBMLB@RegOpenKeyExW@ 1001a240     MSVCRTD:pdblkup.obj
 0003:00001250       ??_C@_0BB@GLNAEDBD@RegQueryValueExW@ 1001a250     MSVCRTD:pdblkup.obj
 0003:00001264       ??_C@_0M@HLOHPNFA@RegCloseKey@ 1001a264     MSVCRTD:pdblkup.obj
 0003:00001278       ??_C@_1HE@EBEAGLFB@?$AAS?$AAO?$AAF?$AAT?$AAW?$AAA?$AAR?$AAE?$AA?2?$AAW?$AAo?$AAw?$AA6?$AA4?$AA3@ 1001a278     MSVCRTD:pdblkup.obj
 0003:00001304       ??_C@_1BG@EABPBLLF@?$AAP?$AAr?$AAo?$AAd?$AAu?$AAc?$AAt?$AAD?$AAi?$AAr@ 1001a304     MSVCRTD:pdblkup.obj
 0003:00001344       ??_C@_1BC@JINFINNJ@?$AAM?$AAS?$AAP?$AAD?$AAB?$AA1?$AA4?$AA0@ 1001a344     MSVCRTD:pdblkup.obj
 0003:0000135c       ??_C@_0BB@KCIACLNC@PDBOpenValidate5@ 1001a35c     MSVCRTD:pdblkup.obj
 0003:00001370       ??_C@_01KDCPPGHE@r@        1001a370     MSVCRTD:pdblkup.obj
 0003:000013b8       __load_config_used         1001a3b8     MSVCRTD:loadcfg.obj
 0003:000015bc       ??_R4exception@std@@6B@    1001a5bc     TransportDll.obj
 0003:000015d4       ??_R3exception@std@@8      1001a5d4     TransportDll.obj
 0003:000015e8       ??_R2exception@std@@8      1001a5e8     TransportDll.obj
 0003:000015f0       ??_R1A@?0A@EA@exception@std@@8 1001a5f0     TransportDll.obj
 0003:00001614       ??_R4type_info@@6B@        1001a614     MSVCRTD:std_type_info_static.obj
 0003:0000162c       ??_R3type_info@@8          1001a62c     MSVCRTD:std_type_info_static.obj
 0003:00001640       ??_R2type_info@@8          1001a640     MSVCRTD:std_type_info_static.obj
 0003:00001648       ??_R1A@?0A@EA@type_info@@8 1001a648     MSVCRTD:std_type_info_static.obj
 0003:000018f4       ___rtc_iaa                 1001a8f4     MSVCRTD:initsect.obj
 0003:00001b04       ___rtc_izz                 1001ab04     MSVCRTD:initsect.obj
 0003:00001c08       ___rtc_taa                 1001ac08     MSVCRTD:initsect.obj
 0003:00001e18       ___rtc_tzz                 1001ae18     MSVCRTD:initsect.obj
 0003:00002098       __TI1?AVexception@std@@    1001b098     TransportDll.obj
 0003:000020ac       __CTA1?AVexception@std@@   1001b0ac     TransportDll.obj
 0003:000020b4       __CT??_R0?AVexception@std@@@8??0exception@std@@QAE@ABV01@@Z12 1001b0b4     TransportDll.obj
 0004:00000000       ___security_cookie_complement 1001c000     MSVCRTD:gs_cookie.obj
 0004:00000004       ___security_cookie         1001c004     MSVCRTD:gs_cookie.obj
 0004:0000000c       ?_RTC_ErrorLevels@@3PAHA   1001c00c     MSVCRTD:error.obj
 0004:00000024       ___scrt_native_dllmain_reason 1001c024     MSVCRTD:utility.obj
 0004:00000028       ___isa_enabled             1001c028     MSVCRTD:cpu_disp.obj
 0004:0000002c       ___scrt_ucrt_dll_is_in_use 1001c02c     MSVCRTD:ucrt_stubs.obj
 0004:00000134       ??_R0?AVexception@std@@@8  1001c134     TransportDll.obj
 0004:00000158       ??_R0?AVtype_info@@@8      1001c158     MSVCRTD:std_type_info_static.obj
 0004:00000278       ___@@_PchSym_@00@UfhvihUpriroUwvhpglkUdrmhvierxvhUgzhpLCUgizmhkligwooUwvyftUhgwzucOlyq@4B2008FD98C1DD4 1001c278     stdafx.obj
 0004:0000027c       ?server_ip@@3PADA          1001c27c     TransportDll.obj
 0004:00000298       ?_OptionsStorage@?1??__local_stdio_printf_options@@9@4_KA 1001c298     TransportDll.obj
 0004:00000678       ?__type_info_root_node@@3U__type_info_node@@A 1001c678     MSVCRTD:tncleanup.obj
 0004:00000688       ?_OptionsStorage@?1??__local_stdio_scanf_options@@9@4_KA 1001c688     MSVCRTD:default_local_stdio_options.obj
 0004:00000694       ___scrt_current_native_startup_state 1001c694     MSVCRTD:utility.obj
 0004:00000698       ___scrt_native_startup_lock 1001c698     MSVCRTD:utility.obj
 0004:000006c0       ___scrt_debugger_hook_flag 1001c6c0     MSVCRTD:utility_desktop.obj
 0004:000006cc       ___isa_available           1001c6cc     MSVCRTD:cpu_disp.obj
 0004:000006d0       ___favor                   1001c6d0     MSVCRTD:cpu_disp.obj
 0004:000006d8       ___dyn_tls_init_callback   1001c6d8     <common>
 0004:000006e4       ___DebuggerCurrentSteppingThreadId 1001c6e4     <common>
 0005:00000000       __imp__GetCurrentThreadId@0 1001d000     kernel32:KERNEL32.dll
 0005:00000004       __imp__IsDebuggerPresent@0 1001d004     kernel32:KERNEL32.dll
 0005:00000008       __imp__RaiseException@16   1001d008     kernel32:KERNEL32.dll
 0005:0000000c       __imp__MultiByteToWideChar@24 1001d00c     kernel32:KERNEL32.dll
 0005:00000010       __imp__WideCharToMultiByte@32 1001d010     kernel32:KERNEL32.dll
 0005:00000014       __imp__UnhandledExceptionFilter@4 1001d014     kernel32:KERNEL32.dll
 0005:00000018       __imp__SetUnhandledExceptionFilter@4 1001d018     kernel32:KERNEL32.dll
 0005:0000001c       __imp__GetCurrentProcess@0 1001d01c     kernel32:KERNEL32.dll
 0005:00000020       __imp__TerminateProcess@8  1001d020     kernel32:KERNEL32.dll
 0005:00000024       __imp__IsProcessorFeaturePresent@4 1001d024     kernel32:KERNEL32.dll
 0005:00000028       __imp__QueryPerformanceCounter@4 1001d028     kernel32:KERNEL32.dll
 0005:0000002c       __imp__GetProcAddress@8    1001d02c     kernel32:KERNEL32.dll
 0005:00000030       __imp__GetCurrentProcessId@0 1001d030     kernel32:KERNEL32.dll
 0005:00000034       __imp__GetSystemTimeAsFileTime@4 1001d034     kernel32:KERNEL32.dll
 0005:00000038       __imp__InitializeSListHead@4 1001d038     kernel32:KERNEL32.dll
 0005:0000003c       __imp__GetStartupInfoW@4   1001d03c     kernel32:KERNEL32.dll
 0005:00000040       __imp__GetModuleHandleW@4  1001d040     kernel32:KERNEL32.dll
 0005:00000044       __imp__GetLastError@0      1001d044     kernel32:KERNEL32.dll
 0005:00000048       __imp__HeapAlloc@12        1001d048     kernel32:KERNEL32.dll
 0005:0000004c       __imp__HeapFree@12         1001d04c     kernel32:KERNEL32.dll
 0005:00000050       __imp__GetProcessHeap@0    1001d050     kernel32:KERNEL32.dll
 0005:00000054       __imp__VirtualQuery@12     1001d054     kernel32:KERNEL32.dll
 0005:00000058       __imp__FreeLibrary@4       1001d058     kernel32:KERNEL32.dll
 0005:0000005c       \177KERNEL32_NULL_THUNK_DATA 1001d05c     kernel32:KERNEL32.dll
 0005:00000098       __imp____vcrt_LoadLibraryExW 1001d098     vcruntimed:VCRUNTIME140D.dll
 0005:0000009c       __imp____vcrt_GetModuleHandleW 1001d09c     vcruntimed:VCRUNTIME140D.dll
 0005:000000a0       __imp____vcrt_GetModuleFileNameW 1001d0a0     vcruntimed:VCRUNTIME140D.dll
 0005:000000a4       __imp___except_handler4_common 1001d0a4     vcruntimed:VCRUNTIME140D.dll
 0005:000000a8       __imp____std_type_info_destroy_list 1001d0a8     vcruntimed:VCRUNTIME140D.dll
 0005:000000ac       __imp____CxxFrameHandler3  1001d0ac     vcruntimed:VCRUNTIME140D.dll
 0005:000000b0       __imp___CxxThrowException@8 1001d0b0     vcruntimed:VCRUNTIME140D.dll
 0005:000000b4       __imp____std_exception_destroy 1001d0b4     vcruntimed:VCRUNTIME140D.dll
 0005:000000b8       __imp____std_exception_copy 1001d0b8     vcruntimed:VCRUNTIME140D.dll
 0005:000000bc       __imp__memset              1001d0bc     vcruntimed:VCRUNTIME140D.dll
 0005:000000c0       __imp__memcpy              1001d0c0     vcruntimed:VCRUNTIME140D.dll
 0005:000000c4       \177VCRUNTIME140D_NULL_THUNK_DATA 1001d0c4     vcruntimed:VCRUNTIME140D.dll
 0005:000000f8       __imp__getaddrinfo@16      1001d0f8     ws2_32:WS2_32.dll
 0005:000000fc       __imp__closesocket@4       1001d0fc     ws2_32:WS2_32.dll
 0005:00000100       __imp__WSAGetLastError@0   1001d100     ws2_32:WS2_32.dll
 0005:00000104       __imp__WSACleanup@0        1001d104     ws2_32:WS2_32.dll
 0005:00000108       __imp__WSAStartup@8        1001d108     ws2_32:WS2_32.dll
 0005:0000010c       __imp__socket@12           1001d10c     ws2_32:WS2_32.dll
 0005:00000110       __imp__shutdown@8          1001d110     ws2_32:WS2_32.dll
 0005:00000114       __imp__send@16             1001d114     ws2_32:WS2_32.dll
 0005:00000118       __imp__recv@16             1001d118     ws2_32:WS2_32.dll
 0005:0000011c       __imp__connect@12          1001d11c     ws2_32:WS2_32.dll
 0005:00000120       __imp__freeaddrinfo@4      1001d120     ws2_32:WS2_32.dll
 0005:00000124       \177WS2_32_NULL_THUNK_DATA 1001d124     ws2_32:WS2_32.dll
 0005:00000158       __imp__wcscpy_s            1001d158     ucrtd:ucrtbased.dll
 0005:0000015c       __imp___wsplitpath_s       1001d15c     ucrtd:ucrtbased.dll
 0005:00000160       __imp___wmakepath_s        1001d160     ucrtd:ucrtbased.dll
 0005:00000164       __imp__terminate           1001d164     ucrtd:ucrtbased.dll
 0005:00000168       __imp___cexit              1001d168     ucrtd:ucrtbased.dll
 0005:0000016c       __imp___crt_at_quick_exit  1001d16c     ucrtd:ucrtbased.dll
 0005:00000170       __imp___crt_atexit         1001d170     ucrtd:ucrtbased.dll
 0005:00000174       __imp___execute_onexit_table 1001d174     ucrtd:ucrtbased.dll
 0005:00000178       __imp___register_onexit_function 1001d178     ucrtd:ucrtbased.dll
 0005:0000017c       __imp___initialize_onexit_table 1001d17c     ucrtd:ucrtbased.dll
 0005:00000180       __imp___initialize_narrow_environment 1001d180     ucrtd:ucrtbased.dll
 0005:00000184       __imp___seh_filter_dll     1001d184     ucrtd:ucrtbased.dll
 0005:00000188       __imp___free_dbg           1001d188     ucrtd:ucrtbased.dll
 0005:0000018c       __imp____stdio_common_vsprintf_s 1001d18c     ucrtd:ucrtbased.dll
 0005:00000190       __imp__strcat_s            1001d190     ucrtd:ucrtbased.dll
 0005:00000194       __imp__strcpy_s            1001d194     ucrtd:ucrtbased.dll
 0005:00000198       __imp___initterm_e         1001d198     ucrtd:ucrtbased.dll
 0005:0000019c       __imp___initterm           1001d19c     ucrtd:ucrtbased.dll
 0005:000001a0       __imp___CrtDbgReportW      1001d1a0     ucrtd:ucrtbased.dll
 0005:000001a4       __imp___CrtDbgReport       1001d1a4     ucrtd:ucrtbased.dll
 0005:000001a8       __imp__malloc              1001d1a8     ucrtd:ucrtbased.dll
 0005:000001ac       __imp____stdio_common_vfprintf 1001d1ac     ucrtd:ucrtbased.dll
 0005:000001b0       __imp____acrt_iob_func     1001d1b0     ucrtd:ucrtbased.dll
 0005:000001b4       __imp__strlen              1001d1b4     ucrtd:ucrtbased.dll
 0005:000001b8       __imp___configure_narrow_argv 1001d1b8     ucrtd:ucrtbased.dll
 0005:000001bc       \177ucrtbased_NULL_THUNK_DATA 1001d1bc     ucrtd:ucrtbased.dll
 0005:000001fc       __IMPORT_DESCRIPTOR_WS2_32 1001d1fc     ws2_32:WS2_32.dll
 0005:00000210       __IMPORT_DESCRIPTOR_VCRUNTIME140D 1001d210     vcruntimed:VCRUNTIME140D.dll
 0005:00000224       __IMPORT_DESCRIPTOR_ucrtbased 1001d224     ucrtd:ucrtbased.dll
 0005:00000238       __IMPORT_DESCRIPTOR_KERNEL32 1001d238     kernel32:KERNEL32.dll
 0005:0000024c       __NULL_IMPORT_DESCRIPTOR   1001d24c     ws2_32:WS2_32.dll
 0007:00000000       ___guard_check_icall_fptr  1001f000     MSVCRTD:guard_support.obj

 entry point at        0002:0000021c

 Static symbols

 0000:fffde000       .debug$S                   10000000     kernel32:KERNEL32.dll
 0000:fffe2000       __guard_fids____scrt_set_unhandled_exception_filter 10000000     MSVCRTD:utility_desktop.obj
 0000:fffde000       .debug$S                   10000000     ws2_32:WS2_32.dll
 0000:fffe2000       __guard_fids___CRT_RTC_INIT 10000000     MSVCRTD:init.obj
 0000:fffe2000       __guard_fids___CRT_RTC_INITW 10000000     MSVCRTD:init.obj
 0000:fffde000       .debug$S                   10000000     ws2_32:WS2_32.dll
 0000:fffde000       .debug$S                   10000000     ws2_32:WS2_32.dll
 0000:fffde000       .debug$S                   10000000     TransportDll.exp
 0000:fffde000       .debug$S                   10000000     ws2_32:WS2_32.dll
 0000:fffde000       .debug$S                   10000000     ws2_32:WS2_32.dll
 0000:fffde000       .debug$S                   10000000     kernel32:KERNEL32.dll
 0000:fffde000       .debug$S                   10000000     kernel32:KERNEL32.dll
 0000:fffde000       .debug$S                   10000000     kernel32:KERNEL32.dll
 0000:fffde000       .debug$S                   10000000     kernel32:KERNEL32.dll
 0000:fffde000       .debug$S                   10000000     kernel32:KERNEL32.dll
 0000:fffde000       .debug$S                   10000000     kernel32:KERNEL32.dll
 0000:fffde000       .debug$S                   10000000     kernel32:KERNEL32.dll
 0000:fffde000       .debug$S                   10000000     kernel32:KERNEL32.dll
 0000:fffde000       .debug$S                   10000000     kernel32:KERNEL32.dll
 0000:fffde000       .debug$S                   10000000     kernel32:KERNEL32.dll
 0000:fffde000       .debug$S                   10000000     kernel32:KERNEL32.dll
 0000:fffde000       .debug$S                   10000000     kernel32:KERNEL32.dll
 0000:fffde000       .debug$S                   10000000     kernel32:KERNEL32.dll
 0000:fffde000       .debug$S                   10000000     kernel32:KERNEL32.dll
 0000:fffde000       .debug$S                   10000000     kernel32:KERNEL32.dll
 0000:fffde000       .debug$S                   10000000     kernel32:KERNEL32.dll
 0000:fffde000       .debug$S                   10000000     kernel32:KERNEL32.dll
 0000:fffde000       .debug$S                   10000000     kernel32:KERNEL32.dll
 0000:fffde000       .debug$S                   10000000     ucrtd:ucrtbased.dll
 0000:fffde000       .debug$S                   10000000     kernel32:KERNEL32.dll
 0000:fffde000       .debug$S                   10000000     kernel32:KERNEL32.dll
 0000:fffde000       .debug$S                   10000000     kernel32:KERNEL32.dll
 0000:fffde000       .debug$S                   10000000     kernel32:KERNEL32.dll
 0000:fffde000       .debug$S                   10000000     ws2_32:WS2_32.dll
 0000:fffde000       .debug$S                   10000000     ucrtd:ucrtbased.dll
 0000:fffde000       .debug$S                   10000000     ucrtd:ucrtbased.dll
 0000:fffde000       .debug$S                   10000000     ucrtd:ucrtbased.dll
 0000:fffde000       .debug$S                   10000000     ucrtd:ucrtbased.dll
 0000:fffde000       .debug$S                   10000000     ucrtd:ucrtbased.dll
 0000:fffde000       .debug$S                   10000000     ucrtd:ucrtbased.dll
 0000:fffde000       .debug$S                   10000000     ucrtd:ucrtbased.dll
 0000:fffde000       .debug$S                   10000000     ucrtd:ucrtbased.dll
 0000:fffde000       .debug$S                   10000000     ucrtd:ucrtbased.dll
 0000:fffde000       .debug$S                   10000000     ucrtd:ucrtbased.dll
 0000:fffde000       .debug$S                   10000000     ucrtd:ucrtbased.dll
 0000:fffde000       .debug$S                   10000000     ucrtd:ucrtbased.dll
 0000:fffde000       .debug$S                   10000000     ucrtd:ucrtbased.dll
 0000:fffde000       .debug$S                   10000000     ucrtd:ucrtbased.dll
 0000:fffde000       .debug$S                   10000000     ucrtd:ucrtbased.dll
 0000:fffde000       .debug$S                   10000000     ucrtd:ucrtbased.dll
 0000:fffde000       .debug$S                   10000000     ucrtd:ucrtbased.dll
 0000:fffde000       .debug$S                   10000000     ucrtd:ucrtbased.dll
 0000:fffde000       .debug$S                   10000000     ucrtd:ucrtbased.dll
 0000:fffde000       .debug$S                   10000000     ucrtd:ucrtbased.dll
 0000:fffde000       .debug$S                   10000000     ucrtd:ucrtbased.dll
 0000:fffde000       .debug$S                   10000000     ucrtd:ucrtbased.dll
 0000:fffde000       .debug$S                   10000000     ws2_32:WS2_32.dll
 0000:fffde000       .debug$S                   10000000     ucrtd:ucrtbased.dll
 0000:fffde000       .debug$S                   10000000     ucrtd:ucrtbased.dll
 0000:fffde000       .debug$S                   10000000     ws2_32:WS2_32.dll
 0000:fffde000       .debug$S                   10000000     vcruntimed:VCRUNTIME140D.dll
 0000:fffde000       .debug$S                   10000000     vcruntimed:VCRUNTIME140D.dll
 0000:fffde000       .debug$S                   10000000     vcruntimed:VCRUNTIME140D.dll
 0000:fffde000       .debug$S                   10000000     vcruntimed:VCRUNTIME140D.dll
 0000:fffde000       .debug$S                   10000000     vcruntimed:VCRUNTIME140D.dll
 0000:fffde000       .debug$S                   10000000     vcruntimed:VCRUNTIME140D.dll
 0000:fffde000       .debug$S                   10000000     vcruntimed:VCRUNTIME140D.dll
 0000:fffde000       .debug$S                   10000000     vcruntimed:VCRUNTIME140D.dll
 0000:fffde000       .debug$S                   10000000     vcruntimed:VCRUNTIME140D.dll
 0000:fffde000       .debug$S                   10000000     vcruntimed:VCRUNTIME140D.dll
 0000:fffde000       .debug$S                   10000000     vcruntimed:VCRUNTIME140D.dll
 0000:fffde000       .debug$S                   10000000     ws2_32:WS2_32.dll
 0000:fffde000       .debug$S                   10000000     ws2_32:WS2_32.dll
 0000:fffe2000       __guard_fids__             10000000     MSVCRTD:std_type_info_static.obj
 0000:fffe2000       __guard_fids_?dllmain_dispatch@@YAHQAUHINSTANCE__@@KQAX@Z 10000000     MSVCRTD:dll_dllmain.obj
 0000:fffde000       .debug$S                   10000000     ws2_32:WS2_32.dll
 0000:fffe2000       __guard_fids___guard_icall_checks_enforced 10000000     MSVCRTD:guard_support.obj
 0000:fffe2000       __guard_fids__             10000000     MSVCRTD:guard_support.obj
 0000:fffe2000       __guard_fids___except_handler4 10000000     MSVCRTD:chandler4gs.obj
 0002:00000a34       $LN6                       10011a34     TransportDll.obj
 0002:00000a3c       $LN5                       10011a3c     TransportDll.obj
 0002:00000a48       $LN3                       10011a48     TransportDll.obj
 0002:00000f99       __catch$?GetCopyRight@TransportDll@@QAEPBDPAU_GUID@@@Z$0 10011f99 f   TransportDll.obj
 0002:00001008       $LN23                      10012008     TransportDll.obj
 0002:00001010       $LN22                      10012010     TransportDll.obj
 0002:00001034       $LN20                      10012034     TransportDll.obj
 0002:00001036       $LN19                      10012036     TransportDll.obj
 0002:0000103e       $LN18                      1001203e     TransportDll.obj
 0002:00001379       __catch$?Initialize@TransportDll@@QAEXPAD@Z$0 10012379 f   TransportDll.obj
 0002:000013fc       $LN20                      100123fc     TransportDll.obj
 0002:00001404       $LN19                      10012404     TransportDll.obj
 0002:00001410       $LN17                      10012410     TransportDll.obj
 0002:00001674       $LN5                       10012674     TransportDll.obj
 0002:0000167c       $LN4                       1001267c     TransportDll.obj
 0002:00001688       $LN3                       10012688     TransportDll.obj
 0002:00001cc0       ?dllmain_crt_dispatch@@YGHQAUHINSTANCE__@@KQAX@Z 10012cc0 f   MSVCRTD:dll_dllmain.obj
 0002:00001d2c       $LN11                      10012d2c     MSVCRTD:dll_dllmain.obj
 0002:00001d60       ?dllmain_crt_process_attach@@YAHQAUHINSTANCE__@@QAX@Z 10012d60 f   MSVCRTD:dll_dllmain.obj
 0002:00001f30       ?dllmain_crt_process_detach@@YAH_N@Z 10012f30 f   MSVCRTD:dll_dllmain.obj
 0002:00002040       ?dllmain_dispatch@@YAHQAUHINSTANCE__@@KQAX@Z 10013040 f   MSVCRTD:dll_dllmain.obj
 0002:00002230       ?dllmain_raw@@YGHQAUHINSTANCE__@@KQAX@Z 10013230 f   MSVCRTD:dll_dllmain.obj
 0002:000022e0       ?DebuggerProbe@@YA_NK@Z    100132e0 f   MSVCRTD:error.obj
 0002:00002330       ?DebuggerRuntime@@YA_NKHPAXPB_W@Z 10013330 f   MSVCRTD:error.obj
 0002:00002600       ?_getMemBlockDataString@@YAXPAD0PBDI@Z 10013600 f   MSVCRTD:error.obj
 0002:00002690       ?_strlen_priv@@YAIPBD@Z    10013690 f   MSVCRTD:error.obj
 0002:000026b0       ?failwithmessage@@YAXPAXHHPBD@Z 100136b0 f   MSVCRTD:error.obj
 0002:00002930       ?notify_debugger@@YAXABUtagEXCEPTION_VISUALCPP_DEBUG_INFO@@@Z 10013930 f   MSVCRTD:error.obj
 0002:00003040       ___get_entropy             10014040 f   MSVCRTD:gs_support.obj
 0002:00003230       ?find_pe_section@@YAPAU_IMAGE_SECTION_HEADER@@QAEI@Z 10014230 f   MSVCRTD:utility.obj
 0002:000032f0       ?is_potentially_valid_image_base@@YA_NQAX@Z 100142f0 f   MSVCRTD:utility.obj
 0002:00003ef0       ?GetPdbDll@@YAPAUHINSTANCE__@@XZ 10014ef0 f   MSVCRTD:pdblkup.obj
 0002:00004080       ?GetPdbDllFromInstallPath@@YAPAUHINSTANCE__@@XZ 10015080 f   MSVCRTD:pdblkup.obj
 0002:00004370       ?GetPdbDllPathFromFilePath@@YAHPB_WPA_WI@Z 10015370 f   MSVCRTD:pdblkup.obj
 0002:000063e0       __ehhandler$??0exception@std@@QAE@ABV01@@Z 100173e0 f   TransportDll.obj
 0002:00006410       __ehhandler$??0exception@std@@QAE@QBD@Z 10017410 f   TransportDll.obj
 0002:00006450       __ehhandler$??0exception@std@@QAE@QBDH@Z 10017450 f   TransportDll.obj
 0002:00006480       __ehhandler$??1exception@std@@UAE@XZ 10017480 f   TransportDll.obj
 0002:000064b0       __unwindfunclet$?GetCopyRight@TransportDll@@QAEPBDPAU_GUID@@@Z$2 100174b0 f   TransportDll.obj
 0002:000064bb       __ehhandler$?GetCopyRight@TransportDll@@QAEPBDPAU_GUID@@@Z 100174bb f   TransportDll.obj
 0002:000064f0       __unwindfunclet$?Initialize@TransportDll@@QAEXPAD@Z$2 100174f0 f   TransportDll.obj
 0002:000064f8       __ehhandler$?Initialize@TransportDll@@QAEXPAD@Z 100174f8 f   TransportDll.obj
 0003:000009c0       ?_RTC_ErrorMessages@@3QBQBDB 100199c0     MSVCRTD:error.obj
 0003:000009d8       ?_RTC_NoFalsePositives@@3QBHB 100199d8     MSVCRTD:error.obj
 0003:000009f0       ?stack_premsg@@3QBDB       100199f0     MSVCRTD:error.obj
 0003:00000a0c       ?stack_postmsg@@3QBDB      10019a0c     MSVCRTD:error.obj
 0003:00000a20       ?uninit_premsg@@3QBDB      10019a20     MSVCRTD:error.obj
 0003:00000a30       ?uninit_postmsg@@3QBDB     10019a30     MSVCRTD:error.obj
 0003:00001080       ?_RTC_errlist@@3QBQBDB     1001a080     MSVCRTD:userapi.obj
 0003:00001164       _GS_ExceptionPointers      1001a164     MSVCRTD:gs_report.obj
 0003:00001170       ?mspdbName@@3QB_WB         1001a170     MSVCRTD:pdblkup.obj
 0003:00001194       ?debugCrtFileName@@3QB_WB  1001a194     MSVCRTD:pdblkup.obj
 0003:00001320       ?dllExt@?1??GetPdbDllPathFromFilePath@@YAHPB_WPA_WI@Z@4QB_WB 1001a320     MSVCRTD:pdblkup.obj
 0003:0000132c       ?mspdbFilename@?1??GetPdbDllPathFromFilePath@@YAHPB_WPA_WI@Z@4QB_WB 1001a32c     MSVCRTD:pdblkup.obj
 0003:000019f8       __RTC_InitBase.rtc$IMZ     1001a9f8     dllmain.obj
 0003:000019fc       __RTC_InitBase.rtc$IMZ     1001a9fc     TransportDll.obj
 0003:00001d0c       __RTC_Shutdown.rtc$TMZ     1001ad0c     dllmain.obj
 0003:00001d10       __RTC_Shutdown.rtc$TMZ     1001ad10     TransportDll.obj
 0003:00001f20       __ehfuncinfo$??0exception@std@@QAE@QBD@Z 1001af20     TransportDll.obj
 0003:00001f48       __ehfuncinfo$??0exception@std@@QAE@QBDH@Z 1001af48     TransportDll.obj
 0003:00001f70       __ehfuncinfo$??0exception@std@@QAE@ABV01@@Z 1001af70     TransportDll.obj
 0003:00001f98       __ehfuncinfo$??1exception@std@@UAE@XZ 1001af98     TransportDll.obj
 0003:00001fc0       __catchsym$?Initialize@TransportDll@@QAEXPAD@Z$3 1001afc0     TransportDll.obj
 0003:00001fd0       __tryblocktable$?Initialize@TransportDll@@QAEXPAD@Z 1001afd0     TransportDll.obj
 0003:00001fe4       __unwindtable$?Initialize@TransportDll@@QAEXPAD@Z 1001afe4     TransportDll.obj
 0003:00001ffc       __ehfuncinfo$?Initialize@TransportDll@@QAEXPAD@Z 1001affc     TransportDll.obj
 0003:0000202c       __catchsym$?GetCopyRight@TransportDll@@QAEPBDPAU_GUID@@@Z$3 1001b02c     TransportDll.obj
 0003:0000203c       __tryblocktable$?GetCopyRight@TransportDll@@QAEPBDPAU_GUID@@@Z 1001b03c     TransportDll.obj
 0003:00002050       __unwindtable$?GetCopyRight@TransportDll@@QAEPBDPAU_GUID@@@Z 1001b050     TransportDll.obj
 0003:00002068       __ehfuncinfo$?GetCopyRight@TransportDll@@QAEPBDPAU_GUID@@@Z 1001b068     TransportDll.obj
 0003:000020d8       __sehtable$?dllmain_crt_process_attach@@YAHQAUHINSTANCE__@@QAX@Z 1001b0d8     MSVCRTD:dll_dllmain.obj
 0003:000020f8       __sehtable$?dllmain_crt_process_detach@@YAH_N@Z 1001b0f8     MSVCRTD:dll_dllmain.obj
 0003:00002118       __sehtable$?dllmain_dispatch@@YAHQAUHINSTANCE__@@KQAX@Z 1001b118     MSVCRTD:dll_dllmain.obj
 0003:00002138       __sehtable$?notify_debugger@@YAXABUtagEXCEPTION_VISUALCPP_DEBUG_INFO@@@Z 1001b138     MSVCRTD:error.obj
 0003:00002158       __sehtable$___scrt_is_nonwritable_in_current_image 1001b158     MSVCRTD:utility.obj
 0003:000022c0       .edata                     1001b2c0     TransportDll.exp
 0003:000022e8       rgpv                       1001b2e8     TransportDll.exp
 0003:000022f0       rgszName                   1001b2f0     TransportDll.exp
 0003:000022f8       rgwOrd                     1001b2f8     TransportDll.exp
 0003:000022fc       szName                     1001b2fc     TransportDll.exp
 0003:0000230d       $N00001                    1001b30d     TransportDll.exp
 0003:0000231a       $N00002                    1001b31a     TransportDll.exp
 0004:000002a1       ?init@?1??_RTC_InitBase@@9@4_NA 1001c2a1     MSVCRTD:init.obj
 0004:000002a4       ?__proc_attached@@3HA      1001c2a4     MSVCRTD:dll_dllmain.obj
 0004:000002a8       ?_RTC_ErrorReportFunc@@3P6AHHPBDH00ZZA 1001c2a8     MSVCRTD:userapi.obj
 0004:000002ac       ?_RTC_ErrorReportFuncW@@3P6AHHPB_WH00ZZA 1001c2ac     MSVCRTD:userapi.obj
 0004:000002b8       _GS_ExceptionRecord        1001c2b8     MSVCRTD:gs_report.obj
 0004:00000308       _GS_ContextRecord          1001c308     MSVCRTD:gs_report.obj
 0004:0000069c       ?is_initialized_as_dll@@3_NA 1001c69c     MSVCRTD:utility.obj
 0004:0000069d       ?module_local_atexit_table_initialized@@3_NA 1001c69d     MSVCRTD:utility.obj
 0004:000006a0       ?module_local_atexit_table@@3U_onexit_table_t@@A 1001c6a0     MSVCRTD:utility.obj
 0004:000006ac       ?module_local_at_quick_exit_table@@3U_onexit_table_t@@A 1001c6ac     MSVCRTD:utility.obj
 0004:000006c4       ?mspdb@@3PAUHINSTANCE__@@A 1001c6c4     MSVCRTD:pdblkup.obj
 0004:000006c8       ?alreadyTried@?1??GetPdbDll@@YAPAUHINSTANCE__@@XZ@4_NA 1001c6c8     MSVCRTD:pdblkup.obj
 0004:000006c9       ?PDBOK@?1??_RTC_GetSrcLine@@YAHPAEPA_WKPAH1K@Z@4_NA 1001c6c9     MSVCRTD:pdblkup.obj
 0005:0000047a       .idata$6                   1001d47a     ws2_32:WS2_32.dll
 0005:00000580       .idata$6                   1001d580     vcruntimed:VCRUNTIME140D.dll
 0005:00000752       .idata$6                   1001d752     ucrtd:ucrtbased.dll
 0005:00000936       .idata$6                   1001d936     kernel32:KERNEL32.dll
 0006:00000000       __941D13D0_ctype@h         1001e000     dllmain.obj
 0006:00000001       __DF6784BA_basetsd@h       1001e001     dllmain.obj
 0006:00000002       __82CA083D_corecrt_memcpy_s@h 1001e002     dllmain.obj
 0006:00000003       __F8BB3D43_corecrt_memory@h 1001e003     dllmain.obj
 0006:00000004       __61E6ED1F_corecrt_wstring@h 1001e004     dllmain.obj
 0006:00000005       __B0CBCB7B_string@h        1001e005     dllmain.obj
 0006:00000006       __73E5A5AE_guiddef@h       1001e006     dllmain.obj
 0006:00000007       __20E88E2C_winnt@h         1001e007     dllmain.obj
 0006:00000008       __B0708975_processthreadsapi@h 1001e008     dllmain.obj
 0006:00000009       __14D8E0CB_memoryapi@h     1001e009     dllmain.obj
 0006:0000000a       __0A5E6AC9_winerror@h      1001e00a     dllmain.obj
 0006:0000000b       __95229982_winbase@h       1001e00b     dllmain.obj
 0006:0000000c       __FDCAD2F5_winuser@h       1001e00c     dllmain.obj
 0006:0000000d       __7F05D861_stralign@h      1001e00d     dllmain.obj
 0006:0000000e       __88C98DD3_winsock2@h      1001e00e     dllmain.obj
 0006:0000000f       __2063063A_ws2ipdef@h      1001e00f     dllmain.obj
 0006:00000010       __FF9C2137_ws2tcpip@h      1001e010     dllmain.obj
 0006:00000011       __34B2F295_dllmain@cpp     1001e011     dllmain.obj
 0006:00000015       __9D22282E_TransportDll@pch 1001e015     stdafx.obj
 0006:00000016       __941D13D0_ctype@h         1001e016     stdafx.obj
 0006:00000017       __DF6784BA_basetsd@h       1001e017     stdafx.obj
 0006:00000018       __82CA083D_corecrt_memcpy_s@h 1001e018     stdafx.obj
 0006:00000019       __F8BB3D43_corecrt_memory@h 1001e019     stdafx.obj
 0006:0000001a       __61E6ED1F_corecrt_wstring@h 1001e01a     stdafx.obj
 0006:0000001b       __B0CBCB7B_string@h        1001e01b     stdafx.obj
 0006:0000001c       __73E5A5AE_guiddef@h       1001e01c     stdafx.obj
 0006:0000001d       __20E88E2C_winnt@h         1001e01d     stdafx.obj
 0006:0000001e       __B0708975_processthreadsapi@h 1001e01e     stdafx.obj
 0006:0000001f       __14D8E0CB_memoryapi@h     1001e01f     stdafx.obj
 0006:00000020       __0A5E6AC9_winerror@h      1001e020     stdafx.obj
 0006:00000021       __95229982_winbase@h       1001e021     stdafx.obj
 0006:00000022       __FDCAD2F5_winuser@h       1001e022     stdafx.obj
 0006:00000023       __7F05D861_stralign@h      1001e023     stdafx.obj
 0006:00000024       __88C98DD3_winsock2@h      1001e024     stdafx.obj
 0006:00000025       __2063063A_ws2ipdef@h      1001e025     stdafx.obj
 0006:00000026       __FF9C2137_ws2tcpip@h      1001e026     stdafx.obj
 0006:0000002a       __E236FBD0_stdafx@h        1001e02a     TransportDll.obj
 0006:0000002b       __9D22282E_TransportDll@pch 1001e02b     TransportDll.obj
 0006:0000002c       __48BE9263_TransportDll@h  1001e02c     TransportDll.obj
 0006:0000002d       __23BE6599_TransportDll@cpp 1001e02d     TransportDll.obj
 0006:0000002e       __FEEAFA9A_exception       1001e02e     TransportDll.obj
 0006:0000002f       __3D63CFF4_vcruntime_exception@h 1001e02f     TransportDll.obj
 0006:00000030       __8A3B9BDD_type_traits     1001e030     TransportDll.obj
 0006:00000031       __91722B06_cstdlib         1001e031     TransportDll.obj
 0006:00000032       __36B85FDF_stdlib@h        1001e032     TransportDll.obj
 0006:00000033       __E410F33D_corecrt_math@h  1001e033     TransportDll.obj
 0006:00000034       __D3ADB4AD_vcruntime_new@h 1001e034     TransportDll.obj
 0006:00000035       __A2957829_malloc@h        1001e035     TransportDll.obj
 0006:00000036       __4B3541EE_stdio@h         1001e036     TransportDll.obj
 0006:00000037       __DD74D44A_corecrt_wstdio@h 1001e037     TransportDll.obj
 0006:00000038       __23AD7809_corecrt_stdio_config@h 1001e038     TransportDll.obj
 0008:00000170       $R000000                   10020170     * linker generated manifest res *
